// Jest Snapshot v1, https://goo.gl/fbAQLP

exports[`matches snapshot 1`] = `
<DocumentFragment>
  <div
    class="Todo"
  >
    <span
      class="Todo-task"
      style="text-decoration: none;"
    />
    <button
      class="Todo-remove-btn"
    >
      X
    </button>
    <button
      class="Todo-toggle-btn"
    >
      Mark as complete
    </button>
  </div>
</DocumentFragment>
`;
